// Jest Snapshot v1, https://goo.gl/fbAQLP

exports[`should render ExpenseDashbordPage 1`] = `
<div>
  <Connect(ExpenseFiltersList) />
  <Connect(ExpenseList) />
</div>
`;
