// Jest Snapshot v1, https://goo.gl/fbAQLP

exports[`should render expenseListItem currctly 1`] = `
<div>
  <Link
    to="/edit/1"
  >
    <h2>
       
      Gum
    </h2>
  </Link>
  <p>
    with the amount 
    195
     and createAt
    0
  </p>
</div>
`;
