// Jest Snapshot v1, https://goo.gl/fbAQLP

exports[`should render expenseList with empty array 1`] = `
<div>
  <p>
    no expense
  </p>
</div>
`;

exports[`should render expenseList with expenses 1`] = `
<div>
  <showAll
    amount={195}
    createAt={0}
    description="Gum"
    id="1"
    key="1"
    note=""
  />
  <showAll
    amount={109500}
    createAt={-345600000}
    description="Rent"
    id="2"
    key="2"
    note=""
  />
  <showAll
    amount={4500}
    createAt={345600000}
    description="Credit Card"
    id="3"
    key="3"
    note=""
  />
</div>
`;
