// Jest Snapshot v1, https://goo.gl/fbAQLP

exports[`should render 404 page 1`] = `
<div>
  Something Wrong this is 
  <bold>
    404 Page
  </bold>
  <Link
    to="/"
  >
    Go Home 
  </Link>
</div>
`;
